Testing Direct (Old Password)...
❌ ERROR: password authentication failed for user "postgres"

Testing Direct (New Password)...
✅ SUCCESS: Direct (New Password)
Data: Fri Mar 27 2026 11:51:01 GMT+0530 (India Standard Time)

Patched .env files because we found a working connection!
Testing Pooler 5432 (Old Password)...
❌ ERROR: password authentication failed for user "postgres"

Testing Pooler 6543 (Old Password)...
❌ ERROR: password authentication failed for user "postgres"

Testing Pooler 5432 (New Password)...
✅ SUCCESS: Pooler 5432 (New Password)
Data: Fri Mar 27 2026 11:51:02 GMT+0530 (India Standard Time)

Patched .env files because we found a working connection!
Testing Pooler 6543 (New Password)...
✅ SUCCESS: Pooler 6543 (New Password)
Data: Fri Mar 27 2026 11:51:02 GMT+0530 (India Standard Time)

Patched .env files because we found a working connection!
